mode: set
tu-lab-booking/server/database.go:13.15,17.16 3 0
tu-lab-booking/server/database.go:17.16,19.3 1 0
tu-lab-booking/server/database.go:22.2,30.16 3 0
tu-lab-booking/server/database.go:30.16,32.3 1 0
tu-lab-booking/server/database.go:35.2,41.16 2 0
tu-lab-booking/server/database.go:41.16,43.3 1 0
tu-lab-booking/server/database.go:47.2,59.16 2 0
tu-lab-booking/server/database.go:59.16,61.3 1 0
tu-lab-booking/server/database.go:64.2,71.16 2 0
tu-lab-booking/server/database.go:71.16,73.3 1 0
tu-lab-booking/server/database.go:76.2,76.20 1 0
tu-lab-booking/server/database.go:79.53,85.2 2 0
tu-lab-booking/server/database.go:88.25,107.2 8 0
tu-lab-booking/server/main.go:34.59,51.2 3 0
tu-lab-booking/server/main.go:53.63,54.112 1 0
tu-lab-booking/server/main.go:54.112,56.3 1 0
tu-lab-booking/server/main.go:58.2,58.16 1 0
tu-lab-booking/server/main.go:58.16,60.3 1 0
tu-lab-booking/server/main.go:62.2,62.69 1 0
tu-lab-booking/server/main.go:62.69,64.3 1 0
tu-lab-booking/server/main.go:66.2,66.37 1 0
tu-lab-booking/server/main.go:69.136,71.56 1 0
tu-lab-booking/server/main.go:71.56,73.3 1 0
tu-lab-booking/server/main.go:76.2,77.9 2 0
tu-lab-booking/server/main.go:77.9,79.3 1 0
tu-lab-booking/server/main.go:82.2,83.22 2 0
tu-lab-booking/server/main.go:83.22,85.3 1 0
tu-lab-booking/server/main.go:88.2,90.16 3 0
tu-lab-booking/server/main.go:90.16,92.3 1 0
tu-lab-booking/server/main.go:95.2,98.29 3 0
tu-lab-booking/server/main.go:102.94,108.26 4 0
tu-lab-booking/server/main.go:108.26,110.3 1 0
tu-lab-booking/server/main.go:113.2,114.16 2 0
tu-lab-booking/server/main.go:114.16,116.3 1 0
tu-lab-booking/server/main.go:119.2,120.16 2 0
tu-lab-booking/server/main.go:120.16,122.3 1 0
tu-lab-booking/server/main.go:124.2,127.8 1 0
tu-lab-booking/server/main.go:131.85,133.16 2 0
tu-lab-booking/server/main.go:133.16,135.3 1 0
tu-lab-booking/server/main.go:136.2,139.18 3 0
tu-lab-booking/server/main.go:139.18,142.17 3 0
tu-lab-booking/server/main.go:142.17,144.4 1 0
tu-lab-booking/server/main.go:145.3,145.28 1 0
tu-lab-booking/server/main.go:147.2,147.40 1 0
tu-lab-booking/server/main.go:151.121,167.16 3 0
tu-lab-booking/server/main.go:167.16,169.3 1 0
tu-lab-booking/server/main.go:170.2,174.18 3 0
tu-lab-booking/server/main.go:174.18,176.55 2 0
tu-lab-booking/server/main.go:176.55,178.4 1 0
tu-lab-booking/server/main.go:179.3,179.31 1 0
tu-lab-booking/server/main.go:183.2,184.32 2 0
tu-lab-booking/server/main.go:184.32,185.48 1 0
tu-lab-booking/server/main.go:185.48,191.4 1 0
tu-lab-booking/server/main.go:191.9,197.4 1 0
tu-lab-booking/server/main.go:200.2,204.8 1 0
tu-lab-booking/server/main.go:208.108,210.25 2 1
tu-lab-booking/server/main.go:210.25,212.3 1 1
tu-lab-booking/server/main.go:214.2,221.16 2 1
tu-lab-booking/server/main.go:221.16,223.3 1 1
tu-lab-booking/server/main.go:224.2,228.18 3 1
tu-lab-booking/server/main.go:228.18,236.17 7 1
tu-lab-booking/server/main.go:236.17,238.4 1 1
tu-lab-booking/server/main.go:240.3,246.5 1 1
tu-lab-booking/server/main.go:249.2,251.8 1 1
tu-lab-booking/server/main.go:254.13,263.16 4 0
tu-lab-booking/server/main.go:263.16,265.3 1 0
tu-lab-booking/server/main.go:267.2,273.37 4 0
tu-lab-booking/server/main.go:273.37,275.3 1 0
